---end scope---
x INT -1
---end scope---
x INT -1
y INT 0
---end scope---
x INT 1
---end scope---
line 18: syntax error
