---end scope---
line 5: unexpected break statement
