---end scope---
line 4: function f attempt to override a function without declaring the current function as override
