---end scope---
line 4: function f was declared before as non-override function
